<?xml version="1.0" encoding="UTF-8"?>
<TestRun id="f33cda75-9b84-4be4-82cc-fd9053b1873b" name="p-oscbui@PUBCO-P-OSCBUI 2012-11-06 10:28:40" runUser="CARVAJAL\p-oscbui" xmlns="http://microsoft.com/schemas/VisualStudio/TeamTest/2010">
  <TestSettings name="Local" id="905ff812-2791-4580-af9d-ec61e00e7dd0">
    <Description>Esta es la configuración de pruebas predeterminada para una ejecución de pruebas local.</Description>
    <Deployment userDeploymentRoot="C:\Users\p-oscbui\Documents\Visual Studio 2010\Projects\LauncherVerifier\TestResults" useDefaultDeploymentRoot="false" enabled="false" runDeploymentRoot="p-oscbui_PUBCO-P-OSCBUI 2012-11-06 10_28_40">
      <DeploymentItem filename="C:\Users\p-oscbui\Documents\Visual Studio 2010\Projects\LauncherVerifier\LauncherVerifier.Models\bin\Debug\LauncherVerifier.Models.dll" />
      <DeploymentItem filename="C:\Users\p-oscbui\Documents\Visual Studio 2010\Projects\LauncherVerifier\LauncherVerifier.XML\bin\Debug\LauncherVerifier.XML.dll" />
    </Deployment>
    <Execution>
      <TestTypeSpecific />
      <AgentRule name="Execution Agents">
      </AgentRule>
    </Execution>
  </TestSettings>
  <Times creation="2012-11-06T10:28:40.8686557-05:00" queuing="2012-11-06T10:28:41.7613792-05:00" start="2012-11-06T10:28:41.8612717-05:00" finish="2012-11-06T10:39:23.7732781-05:00" />
  <ResultSummary outcome="Error">
    <Counters total="1" executed="1" error="0" failed="0" timeout="0" aborted="1" inconclusive="0" passedButRunAborted="0" notRunnable="0" notExecuted="0" disconnected="0" warning="0" passed="0" completed="0" inProgress="0" pending="0" />
    <RunInfos>
      <RunInfo computerName="PUBCO-P-OSCBUI" outcome="Error" timestamp="2012-11-06T10:39:23.7723063-05:00">
        <Text>El proceso del host de pruebas terminó inesperadamente.</Text>
      </RunInfo>
    </RunInfos>
  </ResultSummary>
  <TestDefinitions>
    <UnitTest name="GetSummaryTest" storage="c:\users\p-oscbui\documents\visual studio 2010\projects\launcherverifier\launcher.test\bin\debug\launcher.test.dll" id="b6558e66-1eb6-e130-d6e2-48c2754cb65f">
      <Execution id="b88a11f6-5df7-4d15-aead-851c1aa24706" />
      <TestMethod codeBase="C:/Users/p-oscbui/Documents/Visual Studio 2010/Projects/LauncherVerifier/Launcher.test/bin/Debug/Launcher.test.DLL" adapterTypeName="Microsoft.VisualStudio.TestTools.TestTypes.Unit.UnitTestAdapter, Microsoft.VisualStudio.QualityTools.Tips.UnitTest.Adapter, Version=10.0.0.0, Culture=neutral, PublicKeyToken=b03f5f7f11d50a3a" className="Launcher.test.ReaderXMLTest, Launcher.test, Version=1.0.0.0, Culture=neutral, PublicKeyToken=null" name="GetSummaryTest" />
    </UnitTest>
  </TestDefinitions>
  <TestLists>
    <TestList name="Resultados que no están en la lista" id="8c84fa94-04c1-424b-9868-57a2d4851a1d" />
    <TestList name="Todos los resultados cargados" id="19431567-8539-422a-85d7-44ee4e166bda" />
  </TestLists>
  <TestEntries>
    <TestEntry testId="b6558e66-1eb6-e130-d6e2-48c2754cb65f" executionId="b88a11f6-5df7-4d15-aead-851c1aa24706" testListId="8c84fa94-04c1-424b-9868-57a2d4851a1d" />
  </TestEntries>
  <Results>
    <UnitTestResult executionId="b88a11f6-5df7-4d15-aead-851c1aa24706" testId="b6558e66-1eb6-e130-d6e2-48c2754cb65f" testName="GetSummaryTest" computerName="PUBCO-P-OSCBUI" duration="00:10:41.8173714" startTime="2012-11-06T10:28:41.9559067-05:00" endTime="2012-11-06T10:39:23.7732781-05:00" testType="13cdc9d9-ddb5-4fa4-a97d-d965ccfc6d4b" outcome="Aborted" testListId="8c84fa94-04c1-424b-9868-57a2d4851a1d" relativeResultsDirectory="b88a11f6-5df7-4d15-aead-851c1aa24706">
    </UnitTestResult>
  </Results>
</TestRun>